Archive member included to satisfy reference by file (symbol)

c:/ac6/systemworkbench/plugins/fr.ac6.mcu.externaltools.arm-none.win32_1.15.0.201708311556/tools/compiler/bin/../lib/gcc/arm-none-eabi/6.3.1/../../../../arm-none-eabi/lib/thumb/v7e-m/fpv4-sp/hard\libc_nano.a(lib_a-exit.o)
                              c:/ac6/systemworkbench/plugins/fr.ac6.mcu.externaltools.arm-none.win32_1.15.0.201708311556/tools/compiler/bin/../lib/gcc/arm-none-eabi/6.3.1/../../../../arm-none-eabi/lib/thumb/v7e-m/fpv4-sp/hard/crt0.o (exit)
c:/ac6/systemworkbench/plugins/fr.ac6.mcu.externaltools.arm-none.win32_1.15.0.201708311556/tools/compiler/bin/../lib/gcc/arm-none-eabi/6.3.1/../../../../arm-none-eabi/lib/thumb/v7e-m/fpv4-sp/hard\libc_nano.a(lib_a-impure.o)
                              c:/ac6/systemworkbench/plugins/fr.ac6.mcu.externaltools.arm-none.win32_1.15.0.201708311556/tools/compiler/bin/../lib/gcc/arm-none-eabi/6.3.1/../../../../arm-none-eabi/lib/thumb/v7e-m/fpv4-sp/hard\libc_nano.a(lib_a-exit.o) (_global_impure_ptr)
c:/ac6/systemworkbench/plugins/fr.ac6.mcu.externaltools.arm-none.win32_1.15.0.201708311556/tools/compiler/bin/../lib/gcc/arm-none-eabi/6.3.1/../../../../arm-none-eabi/lib/thumb/v7e-m/fpv4-sp/hard\libc_nano.a(lib_a-init.o)
                              c:/ac6/systemworkbench/plugins/fr.ac6.mcu.externaltools.arm-none.win32_1.15.0.201708311556/tools/compiler/bin/../lib/gcc/arm-none-eabi/6.3.1/../../../../arm-none-eabi/lib/thumb/v7e-m/fpv4-sp/hard/crt0.o (__libc_init_array)
c:/ac6/systemworkbench/plugins/fr.ac6.mcu.externaltools.arm-none.win32_1.15.0.201708311556/tools/compiler/bin/../lib/gcc/arm-none-eabi/6.3.1/../../../../arm-none-eabi/lib/thumb/v7e-m/fpv4-sp/hard\libc_nano.a(lib_a-memset.o)
                              c:/ac6/systemworkbench/plugins/fr.ac6.mcu.externaltools.arm-none.win32_1.15.0.201708311556/tools/compiler/bin/../lib/gcc/arm-none-eabi/6.3.1/../../../../arm-none-eabi/lib/thumb/v7e-m/fpv4-sp/hard/crt0.o (memset)
c:/ac6/systemworkbench/plugins/fr.ac6.mcu.externaltools.arm-none.win32_1.15.0.201708311556/tools/compiler/bin/../lib/gcc/arm-none-eabi/6.3.1/thumb/v7e-m/fpv4-sp/hard\libgcc.a(_arm_addsubdf3.o)
                              Src/main.o (__aeabi_dadd)
c:/ac6/systemworkbench/plugins/fr.ac6.mcu.externaltools.arm-none.win32_1.15.0.201708311556/tools/compiler/bin/../lib/gcc/arm-none-eabi/6.3.1/thumb/v7e-m/fpv4-sp/hard\libgcc.a(_arm_muldivdf3.o)
                              Src/main.o (__aeabi_dmul)
c:/ac6/systemworkbench/plugins/fr.ac6.mcu.externaltools.arm-none.win32_1.15.0.201708311556/tools/compiler/bin/../lib/gcc/arm-none-eabi/6.3.1/thumb/v7e-m/fpv4-sp/hard\libgcc.a(_arm_truncdfsf2.o)
                              Src/main.o (__aeabi_d2f)
c:/ac6/systemworkbench/plugins/fr.ac6.mcu.externaltools.arm-none.win32_1.15.0.201708311556/tools/compiler/bin/../lib/gcc/arm-none-eabi/6.3.1/thumb/v7e-m/fpv4-sp/hard\libgcc.a(_aeabi_uldivmod.o)
                              Drivers/STM32F4xx_HAL_Driver/Src/stm32f4xx_hal_rcc.o (__aeabi_uldivmod)
c:/ac6/systemworkbench/plugins/fr.ac6.mcu.externaltools.arm-none.win32_1.15.0.201708311556/tools/compiler/bin/../lib/gcc/arm-none-eabi/6.3.1/thumb/v7e-m/fpv4-sp/hard\libgcc.a(_udivmoddi4.o)
                              c:/ac6/systemworkbench/plugins/fr.ac6.mcu.externaltools.arm-none.win32_1.15.0.201708311556/tools/compiler/bin/../lib/gcc/arm-none-eabi/6.3.1/thumb/v7e-m/fpv4-sp/hard\libgcc.a(_aeabi_uldivmod.o) (__udivmoddi4)
c:/ac6/systemworkbench/plugins/fr.ac6.mcu.externaltools.arm-none.win32_1.15.0.201708311556/tools/compiler/bin/../lib/gcc/arm-none-eabi/6.3.1/thumb/v7e-m/fpv4-sp/hard\libgcc.a(_dvmd_tls.o)
                              c:/ac6/systemworkbench/plugins/fr.ac6.mcu.externaltools.arm-none.win32_1.15.0.201708311556/tools/compiler/bin/../lib/gcc/arm-none-eabi/6.3.1/thumb/v7e-m/fpv4-sp/hard\libgcc.a(_aeabi_uldivmod.o) (__aeabi_ldiv0)
c:/ac6/systemworkbench/plugins/fr.ac6.mcu.externaltools.arm-none.win32_1.15.0.201708311556/tools/compiler/bin/../lib/gcc/arm-none-eabi/6.3.1/../../../../arm-none-eabi/lib/thumb/v7e-m/fpv4-sp/hard\libnosys.a(_exit.o)
                              c:/ac6/systemworkbench/plugins/fr.ac6.mcu.externaltools.arm-none.win32_1.15.0.201708311556/tools/compiler/bin/../lib/gcc/arm-none-eabi/6.3.1/../../../../arm-none-eabi/lib/thumb/v7e-m/fpv4-sp/hard\libc_nano.a(lib_a-exit.o) (_exit)

Allocating common symbols
Common symbol       size              file

htim8               0x3c              Src/tim.o
htim4               0x3c              Src/tim.o
hi2c2               0x54              Src/i2c.o
uwTick              0x4               Drivers/STM32F4xx_HAL_Driver/Src/stm32f4xx_hal.o
pFlash              0x20              Drivers/STM32F4xx_HAL_Driver/Src/stm32f4xx_hal_flash.o
htim5               0x3c              Src/tim.o
htim3               0x3c              Src/tim.o
hadc1               0x48              Src/adc.o
huart1              0x40              Src/usart.o
ADCBuffer           0x8               Src/main.o
[...]
Memory Configuration

Name             Origin             Length             Attributes
RAM              0x20000000         0x00020000         xrw
CCMRAM           0x10000000         0x00010000         rw
FLASH            0x08000000         0x00100000         xr
*default*        0x00000000         0xffffffff

Linker script and memory map

LOAD c:/ac6/systemworkbench/plugins/fr.ac6.mcu.externaltools.arm-none.win32_1.15.0.201708311556/tools/compiler/bin/../lib/gcc/arm-none-eabi/6.3.1/thumb/v7e-m/fpv4-sp/hard/crti.o
LOAD c:/ac6/systemworkbench/plugins/fr.ac6.mcu.externaltools.arm-none.win32_1.15.0.201708311556/tools/compiler/bin/../lib/gcc/arm-none-eabi/6.3.1/thumb/v7e-m/fpv4-sp/hard/crtbegin.o
LOAD c:/ac6/systemworkbench/plugins/fr.ac6.mcu.externaltools.arm-none.win32_1.15.0.201708311556/tools/compiler/bin/../lib/gcc/arm-none-eabi/6.3.1/../../../../arm-none-eabi/lib/thumb/v7e-m/fpv4-sp/hard/crt0.o
LOAD c:/ac6/systemworkbench/plugins/fr.ac6.mcu.externaltools.arm-none.win32_1.15.0.201708311556/tools/compiler/bin/../lib/gcc/arm-none-eabi/6.3.1/../../../../arm-none-eabi/lib/thumb/v7e-m/fpv4-sp/hard\librdimon_nano.a
LOAD Drivers/STM32F4xx_HAL_Driver/Src/stm32f4xx_hal.o
LOAD Drivers/STM32F4xx_HAL_Driver/Src/stm32f4xx_hal_adc.o
LOAD Drivers/STM32F4xx_HAL_Driver/Src/stm32f4xx_hal_adc_ex.o
LOAD Drivers/STM32F4xx_HAL_Driver/Src/stm32f4xx_hal_cortex.o
LOAD Drivers/STM32F4xx_HAL_Driver/Src/stm32f4xx_hal_dma.o
LOAD Drivers/STM32F4xx_HAL_Driver/Src/stm32f4xx_hal_dma_ex.o
LOAD Drivers/STM32F4xx_HAL_Driver/Src/stm32f4xx_hal_flash.o
LOAD Drivers/STM32F4xx_HAL_Driver/Src/stm32f4xx_hal_flash_ex.o
LOAD Drivers/STM32F4xx_HAL_Driver/Src/stm32f4xx_hal_flash_ramfunc.o
LOAD Drivers/STM32F4xx_HAL_Driver/Src/stm32f4xx_hal_gpio.o
LOAD Drivers/STM32F4xx_HAL_Driver/Src/stm32f4xx_hal_i2c.o
LOAD Drivers/STM32F4xx_HAL_Driver/Src/stm32f4xx_hal_i2c_ex.o
LOAD Drivers/STM32F4xx_HAL_Driver/Src/stm32f4xx_hal_pwr.o
LOAD Drivers/STM32F4xx_HAL_Driver/Src/stm32f4xx_hal_pwr_ex.o
LOAD Drivers/STM32F4xx_HAL_Driver/Src/stm32f4xx_hal_rcc.o
LOAD Drivers/STM32F4xx_HAL_Driver/Src/stm32f4xx_hal_rcc_ex.o
LOAD Drivers/STM32F4xx_HAL_Driver/Src/stm32f4xx_hal_tim.o
LOAD Drivers/STM32F4xx_HAL_Driver/Src/stm32f4xx_hal_tim_ex.o
LOAD Drivers/STM32F4xx_HAL_Driver/Src/stm32f4xx_hal_uart.o
LOAD Src/adc.o
LOAD Src/dma.o
LOAD Src/gpio.o
LOAD Src/i2c.o
LOAD Src/main.o
LOAD Src/stm32f4xx_hal_msp.o
LOAD Src/stm32f4xx_it.o
LOAD Src/system_stm32f4xx.o
LOAD Src/tim.o
LOAD Src/usart.o
LOAD startup/startup_stm32f405xx.o
LOAD c:/ac6/systemworkbench/plugins/fr.ac6.mcu.externaltools.arm-none.win32_1.15.0.201708311556/tools/compiler/bin/../lib/gcc/arm-none-eabi/6.3.1/../../../../arm-none-eabi/lib/thumb/v7e-m/fpv4-sp/hard\libstdc++_nano.a
LOAD c:/ac6/systemworkbench/plugins/fr.ac6.mcu.externaltools.arm-none.win32_1.15.0.201708311556/tools/compiler/bin/../lib/gcc/arm-none-eabi/6.3.1/../../../../arm-none-eabi/lib/thumb/v7e-m/fpv4-sp/hard\libm.a
LOAD c:/ac6/systemworkbench/plugins/fr.ac6.mcu.externaltools.arm-none.win32_1.15.0.201708311556/tools/compiler/bin/../lib/gcc/arm-none-eabi/6.3.1/../../../../arm-none-eabi/lib/thumb/v7e-m/fpv4-sp/hard\libc_nano.a
START GROUP
LOAD c:/ac6/systemworkbench/plugins/fr.ac6.mcu.externaltools.arm-none.win32_1.15.0.201708311556/tools/compiler/bin/../lib/gcc/arm-none-eabi/6.3.1/thumb/v7e-m/fpv4-sp/hard\libgcc.a
LOAD c:/ac6/systemworkbench/plugins/fr.ac6.mcu.externaltools.arm-none.win32_1.15.0.201708311556/tools/compiler/bin/../lib/gcc/arm-none-eabi/6.3.1/../../../../arm-none-eabi/lib/thumb/v7e-m/fpv4-sp/hard\libc_nano.a
END GROUP
START GROUP
LOAD c:/ac6/systemworkbench/plugins/fr.ac6.mcu.externaltools.arm-none.win32_1.15.0.201708311556/tools/compiler/bin/../lib/gcc/arm-none-eabi/6.3.1/thumb/v7e-m/fpv4-sp/hard\libgcc.a
LOAD c:/ac6/systemworkbench/plugins/fr.ac6.mcu.externaltools.arm-none.win32_1.15.0.201708311556/tools/compiler/bin/../lib/gcc/arm-none-eabi/6.3.1/../../../../arm-none-eabi/lib/thumb/v7e-m/fpv4-sp/hard\libc_nano.a
LOAD c:/ac6/systemworkbench/plugins/fr.ac6.mcu.externaltools.arm-none.win32_1.15.0.201708311556/tools/compiler/bin/../lib/gcc/arm-none-eabi/6.3.1/../../../../arm-none-eabi/lib/thumb/v7e-m/fpv4-sp/hard\libnosys.a
END GROUP
START GROUP
LOAD c:/ac6/systemworkbench/plugins/fr.ac6.mcu.externaltools.arm-none.win32_1.15.0.201708311556/tools/compiler/bin/../lib/gcc/arm-none-eabi/6.3.1/thumb/v7e-m/fpv4-sp/hard\libgcc.a
LOAD c:/ac6/systemworkbench/plugins/fr.ac6.mcu.externaltools.arm-none.win32_1.15.0.201708311556/tools/compiler/bin/../lib/gcc/arm-none-eabi/6.3.1/../../../../arm-none-eabi/lib/thumb/v7e-m/fpv4-sp/hard\libc_nano.a
LOAD c:/ac6/systemworkbench/plugins/fr.ac6.mcu.externaltools.arm-none.win32_1.15.0.201708311556/tools/compiler/bin/../lib/gcc/arm-none-eabi/6.3.1/../../../../arm-none-eabi/lib/thumb/v7e-m/fpv4-sp/hard\libnosys.a
END GROUP
LOAD c:/ac6/systemworkbench/plugins/fr.ac6.mcu.externaltools.arm-none.win32_1.15.0.201708311556/tools/compiler/bin/../lib/gcc/arm-none-eabi/6.3.1/thumb/v7e-m/fpv4-sp/hard/crtend.o
LOAD c:/ac6/systemworkbench/plugins/fr.ac6.mcu.externaltools.arm-none.win32_1.15.0.201708311556/tools/compiler/bin/../lib/gcc/arm-none-eabi/6.3.1/thumb/v7e-m/fpv4-sp/hard/crtn.o
                0x20020000                _estack = 0x20020000
                0x00000200                _Min_Heap_Size = 0x200
                0x00000400                _Min_Stack_Size = 0x400

.isr_vector     0x08000000      0x188
                0x08000000                . = ALIGN (0x4)
 *(.isr_vector)
 .isr_vector    0x08000000      0x188 startup/startup_stm32f405xx.o
                0x08000000                g_pfnVectors
                0x08000188                . = ALIGN (0x4)

.text           0x08000188     0x4848
                0x08000188                . = ALIGN (0x4)
 *(.text)
 .text          0x08000188       0x6c c:/ac6/systemworkbench/plugins/fr.ac6.mcu.externaltools.arm-none.win32_1.15.0.201708311556/tools/compiler/bin/../lib/gcc/arm-none-eabi/6.3.1/thumb/v7e-m/fpv4-sp/hard/crtbegin.o
 .text          0x080001f4      0x370 c:/ac6/systemworkbench/plugins/fr.ac6.mcu.externaltools.arm-none.win32_1.15.0.201708311556/tools/compiler/bin/../lib/gcc/arm-none-eabi/6.3.1/thumb/v7e-m/fpv4-sp/hard\libgcc.a(_arm_addsubdf3.o)
                0x080001f4                __aeabi_drsub
                0x080001fc                __aeabi_dsub
                0x080001fc                __subdf3
                0x08000200                __aeabi_dadd
                0x08000200                __adddf3
                0x08000478                __floatunsidf
                0x08000478                __aeabi_ui2d
                0x08000498                __floatsidf
                0x08000498                __aeabi_i2d
                0x080004bc                __aeabi_f2d
                0x080004bc                __extendsfdf2
                0x080004f8                __floatundidf
                0x080004f8                __aeabi_ul2d
                0x08000508                __floatdidf
                0x08000508                __aeabi_l2d
 .text          0x08000564      0x424 c:/ac6/systemworkbench/plugins/fr.ac6.mcu.externaltools.arm-none.win32_1.15.0.201708311556/tools/compiler/bin/../lib/gcc/arm-none-eabi/6.3.1/thumb/v7e-m/fpv4-sp/hard\libgcc.a(_arm_muldivdf3.o)
                0x08000564                __aeabi_dmul
                0x08000564                __muldf3
                0x080007b8                __divdf3
                0x080007b8                __aeabi_ddiv
 .text          0x08000988       0xa0 c:/ac6/systemworkbench/plugins/fr.ac6.mcu.externaltools.arm-none.win32_1.15.0.201708311556/tools/compiler/bin/../lib/gcc/arm-none-eabi/6.3.1/thumb/v7e-m/fpv4-sp/hard\libgcc.a(_arm_truncdfsf2.o)
                0x08000988                __truncdfsf2
                0x08000988                __aeabi_d2f
 .text          0x08000a28       0x30 c:/ac6/systemworkbench/plugins/fr.ac6.mcu.externaltools.arm-none.win32_1.15.0.201708311556/tools/compiler/bin/../lib/gcc/arm-none-eabi/6.3.1/thumb/v7e-m/fpv4-sp/hard\libgcc.a(_aeabi_uldivmod.o)
                0x08000a28                __aeabi_uldivmod
 .text          0x08000a58      0x2dc c:/ac6/systemworkbench/plugins/fr.ac6.mcu.externaltools.arm-none.win32_1.15.0.201708311556/tools/compiler/bin/../lib/gcc/arm-none-eabi/6.3.1/thumb/v7e-m/fpv4-sp/hard\libgcc.a(_udivmoddi4.o)
                0x08000a58                __udivmoddi4
 .text          0x08000d34        0x4 c:/ac6/systemworkbench/plugins/fr.ac6.mcu.externaltools.arm-none.win32_1.15.0.201708311556/tools/compiler/bin/../lib/gcc/arm-none-eabi/6.3.1/thumb/v7e-m/fpv4-sp/hard\libgcc.a(_dvmd_tls.o)
                0x08000d34                __aeabi_idiv0
                0x08000d34                __aeabi_ldiv0
 *(.text*)
 .text.HAL_InitTick
                0x08000d38       0x48 Drivers/STM32F4xx_HAL_Driver/Src/stm32f4xx_hal.o
                0x08000d38                HAL_InitTick
 .text.HAL_Init
                0x08000d80       0x34 Drivers/STM32F4xx_HAL_Driver/Src/stm32f4xx_hal.o
                0x08000d80                HAL_Init
 .text.HAL_IncTick
                0x08000db4       0x18 Drivers/STM32F4xx_HAL_Driver/Src/stm32f4xx_hal.o
                0x08000db4                HAL_IncTick
 .text.HAL_GetTick
                0x08000dcc        0xc Drivers/STM32F4xx_HAL_Driver/Src/stm32f4xx_hal.o
                0x08000dcc                HAL_GetTick
 .text.ADC_Init
                0x08000dd8      0x130 Drivers/STM32F4xx_HAL_Driver/Src/stm32f4xx_hal_adc.o
 .text.HAL_ADC_Init
                0x08000f08       0x54 Drivers/STM32F4xx_HAL_Driver/Src/stm32f4xx_hal_adc.o
                0x08000f08                HAL_ADC_Init
 .text.HAL_ADC_Start_DMA
                0x08000f5c      0x144 Drivers/STM32F4xx_HAL_Driver/Src/stm32f4xx_hal_adc.o
                0x08000f5c                HAL_ADC_Start_DMA
 .text.HAL_ADC_ConvCpltCallback
                0x080010a0        0x2 Drivers/STM32F4xx_HAL_Driver/Src/stm32f4xx_hal_adc.o
                0x080010a0                HAL_ADC_ConvCpltCallback
 .text.ADC_DMAConvCplt
                0x080010a2       0x62 Drivers/STM32F4xx_HAL_Driver/Src/stm32f4xx_hal_adc.o
 .text.HAL_ADC_ConvHalfCpltCallback
                0x08001104        0x2 Drivers/STM32F4xx_HAL_Driver/Src/stm32f4xx_hal_adc.o
                0x08001104                HAL_ADC_ConvHalfCpltCallback
 .text.ADC_DMAHalfConvCplt
                0x08001106        0xa Drivers/STM32F4xx_HAL_Driver/Src/stm32f4xx_hal_adc.o
 .text.HAL_ADC_ErrorCallback
                0x08001110        0x2 Drivers/STM32F4xx_HAL_Driver/Src/stm32f4xx_hal_adc.o
                0x08001110                HAL_ADC_ErrorCallback
 .text.ADC_DMAError
                0x08001112       0x16 Drivers/STM32F4xx_HAL_Driver/Src/stm32f4xx_hal_adc.o
 .text.HAL_ADC_ConfigChannel
                0x08001128      0x190 Drivers/STM32F4xx_HAL_Driver/Src/stm32f4xx_hal_adc.o
                0x08001128                HAL_ADC_ConfigChannel
 .text.HAL_NVIC_SetPriorityGrouping
                0x080012b8       0x24 Drivers/STM32F4xx_HAL_Driver/Src/stm32f4xx_hal_cortex.o
                0x080012b8                HAL_NVIC_SetPriorityGrouping
 .text.HAL_NVIC_SetPriority
                0x080012dc       0x64 Drivers/STM32F4xx_HAL_Driver/Src/stm32f4xx_hal_cortex.o
                0x080012dc                HAL_NVIC_SetPriority
 .text.HAL_NVIC_EnableIRQ
                0x08001340       0x18 Drivers/STM32F4xx_HAL_Driver/Src/stm32f4xx_hal_cortex.o
                0x08001340                HAL_NVIC_EnableIRQ
 .text.HAL_SYSTICK_Config
                0x08001358       0x2c Drivers/STM32F4xx_HAL_Driver/Src/stm32f4xx_hal_cortex.o
                0x08001358                HAL_SYSTICK_Config
 .text.HAL_SYSTICK_CLKSourceConfig
                0x08001384       0x20 Drivers/STM32F4xx_HAL_Driver/Src/stm32f4xx_hal_cortex.o
                0x08001384                HAL_SYSTICK_CLKSourceConfig
 .text.HAL_SYSTICK_Callback
                0x080013a4        0x2 Drivers/STM32F4xx_HAL_Driver/Src/stm32f4xx_hal_cortex.o
                0x080013a4                HAL_SYSTICK_Callback
 .text.HAL_SYSTICK_IRQHandler
                0x080013a6        0x8 Drivers/STM32F4xx_HAL_Driver/Src/stm32f4xx_hal_cortex.o
                0x080013a6                HAL_SYSTICK_IRQHandler
 .text.DMA_SetConfig
                0x080013ae       0x2c Drivers/STM32F4xx_HAL_Driver/Src/stm32f4xx_hal_dma.o
 *fill*         0x080013da        0x2 
 .text.DMA_CalcBaseAndBitshift
                0x080013dc       0x3c Drivers/STM32F4xx_HAL_Driver/Src/stm32f4xx_hal_dma.o
 .text.DMA_CheckFifoParam
                0x08001418       0x8e Drivers/STM32F4xx_HAL_Driver/Src/stm32f4xx_hal_dma.o
 *fill*         0x080014a6        0x2 
 .text.HAL_DMA_Init
                0x080014a8       0xd0 Drivers/STM32F4xx_HAL_Driver/Src/stm32f4xx_hal_dma.o
                0x080014a8                HAL_DMA_Init
 .text.HAL_DMA_Start_IT
                0x08001578       0x74 Drivers/STM32F4xx_HAL_Driver/Src/stm32f4xx_hal_dma.o
                0x08001578                HAL_DMA_Start_IT
 .text.HAL_DMA_IRQHandler
                0x080015ec      0x1dc Drivers/STM32F4xx_HAL_Driver/Src/stm32f4xx_hal_dma.o
                0x080015ec                HAL_DMA_IRQHandler
 .text.HAL_GPIO_Init
                0x080017c8      0x1cc Drivers/STM32F4xx_HAL_Driver/Src/stm32f4xx_hal_gpio.o
                0x080017c8                HAL_GPIO_Init
 .text.HAL_GPIO_ReadPin
                0x08001994        0xe Drivers/STM32F4xx_HAL_Driver/Src/stm32f4xx_hal_gpio.o
                0x08001994                HAL_GPIO_ReadPin
 .text.HAL_GPIO_WritePin
                0x080019a2        0xc Drivers/STM32F4xx_HAL_Driver/Src/stm32f4xx_hal_gpio.o
                0x080019a2                HAL_GPIO_WritePin
 .text.HAL_GPIO_TogglePin
                0x080019ae        0x8 Drivers/STM32F4xx_HAL_Driver/Src/stm32f4xx_hal_gpio.o
                0x080019ae                HAL_GPIO_TogglePin
 .text.I2C_IsAcknowledgeFailed
                0x080019b6       0x2a Drivers/STM32F4xx_HAL_Driver/Src/stm32f4xx_hal_i2c.o
 .text.I2C_WaitOnFlagUntilTimeout
                0x080019e0       0x68 Drivers/STM32F4xx_HAL_Driver/Src/stm32f4xx_hal_i2c.o
 .text.I2C_WaitOnMasterAddressFlagUntilTimeout
                0x08001a48       0x90 Drivers/STM32F4xx_HAL_Driver/Src/stm32f4xx_hal_i2c.o
 .text.I2C_WaitOnTXEFlagUntilTimeout
                0x08001ad8       0x4e Drivers/STM32F4xx_HAL_Driver/Src/stm32f4xx_hal_i2c.o
 *fill*         0x08001b26        0x2 
 .text.I2C_RequestMemoryWrite
                0x08001b28       0xd4 Drivers/STM32F4xx_HAL_Driver/Src/stm32f4xx_hal_i2c.o
 .text.I2C_RequestMemoryRead
                0x08001bfc      0x148 Drivers/STM32F4xx_HAL_Driver/Src/stm32f4xx_hal_i2c.o
 .text.I2C_WaitOnBTFFlagUntilTimeout
                0x08001d44       0x4e Drivers/STM32F4xx_HAL_Driver/Src/stm32f4xx_hal_i2c.o
 .text.I2C_WaitOnRXNEFlagUntilTimeout
                0x08001d92       0x5c Drivers/STM32F4xx_HAL_Driver/Src/stm32f4xx_hal_i2c.o
 *fill*         0x08001dee        0x2 
 .text.HAL_I2C_Init
                0x08001df0      0x11c Drivers/STM32F4xx_HAL_Driver/Src/stm32f4xx_hal_i2c.o
                0x08001df0                HAL_I2C_Init
 .text.HAL_I2C_Mem_Write
                0x08001f0c      0x17c Drivers/STM32F4xx_HAL_Driver/Src/stm32f4xx_hal_i2c.o
                0x08001f0c                HAL_I2C_Mem_Write
 .text.HAL_I2C_Mem_Read
                0x08002088      0x2f4 Drivers/STM32F4xx_HAL_Driver/Src/stm32f4xx_hal_i2c.o
                0x08002088                HAL_I2C_Mem_Read
 .text.HAL_RCC_OscConfig
                0x0800237c      0x398 Drivers/STM32F4xx_HAL_Driver/Src/stm32f4xx_hal_rcc.o
                0x0800237c                HAL_RCC_OscConfig
 .text.HAL_RCC_GetSysClockFreq
                0x08002714       0xa4 Drivers/STM32F4xx_HAL_Driver/Src/stm32f4xx_hal_rcc.o
                0x08002714                HAL_RCC_GetSysClockFreq
 .text.HAL_RCC_ClockConfig
                0x080027b8      0x158 Drivers/STM32F4xx_HAL_Driver/Src/stm32f4xx_hal_rcc.o
                0x080027b8                HAL_RCC_ClockConfig
 .text.HAL_RCC_GetHCLKFreq
                0x08002910        0xc Drivers/STM32F4xx_HAL_Driver/Src/stm32f4xx_hal_rcc.o
                0x08002910                HAL_RCC_GetHCLKFreq
 .text.HAL_RCC_GetPCLK1Freq
                0x0800291c       0x20 Drivers/STM32F4xx_HAL_Driver/Src/stm32f4xx_hal_rcc.o
                0x0800291c                HAL_RCC_GetPCLK1Freq
 .text.HAL_RCC_GetPCLK2Freq
                0x0800293c       0x20 Drivers/STM32F4xx_HAL_Driver/Src/stm32f4xx_hal_rcc.o
                0x0800293c                HAL_RCC_GetPCLK2Freq
 .text.TIM_OC1_SetConfig
                0x0800295c       0x64 Drivers/STM32F4xx_HAL_Driver/Src/stm32f4xx_hal_tim.o
 .text.TIM_OC3_SetConfig
                0x080029c0       0x6c Drivers/STM32F4xx_HAL_Driver/Src/stm32f4xx_hal_tim.o
 .text.TIM_OC4_SetConfig
                0x08002a2c       0x5c Drivers/STM32F4xx_HAL_Driver/Src/stm32f4xx_hal_tim.o
 .text.HAL_TIM_Base_Start_IT
                0x08002a88       0x18 Drivers/STM32F4xx_HAL_Driver/Src/stm32f4xx_hal_tim.o
                0x08002a88                HAL_TIM_Base_Start_IT
 .text.HAL_TIM_PeriodElapsedCallback
                0x08002aa0        0x2 Drivers/STM32F4xx_HAL_Driver/Src/stm32f4xx_hal_tim.o
                0x08002aa0                HAL_TIM_PeriodElapsedCallback
 .text.HAL_TIM_OC_DelayElapsedCallback
                0x08002aa2        0x2 Drivers/STM32F4xx_HAL_Driver/Src/stm32f4xx_hal_tim.o
                0x08002aa2                HAL_TIM_OC_DelayElapsedCallback
 .text.HAL_TIM_IC_CaptureCallback
                0x08002aa4        0x2 Drivers/STM32F4xx_HAL_Driver/Src/stm32f4xx_hal_tim.o
                0x08002aa4                HAL_TIM_IC_CaptureCallback
 .text.HAL_TIM_PWM_PulseFinishedCallback
                0x08002aa6        0x2 Drivers/STM32F4xx_HAL_Driver/Src/stm32f4xx_hal_tim.o
                0x08002aa6                HAL_TIM_PWM_PulseFinishedCallback
 .text.HAL_TIM_TriggerCallback
                0x08002aa8        0x2 Drivers/STM32F4xx_HAL_Driver/Src/stm32f4xx_hal_tim.o
                0x08002aa8                HAL_TIM_TriggerCallback
 .text.HAL_TIM_IRQHandler
                0x08002aaa      0x17a Drivers/STM32F4xx_HAL_Driver/Src/stm32f4xx_hal_tim.o
                0x08002aaa                HAL_TIM_IRQHandler
 .text.TIM_Base_SetConfig
                0x08002c24      0x11c Drivers/STM32F4xx_HAL_Driver/Src/stm32f4xx_hal_tim.o
                0x08002c24                TIM_Base_SetConfig
 .text.HAL_TIM_Base_Init
                0x08002d40       0x32 Drivers/STM32F4xx_HAL_Driver/Src/stm32f4xx_hal_tim.o
                0x08002d40                HAL_TIM_Base_Init
 .text.HAL_TIM_PWM_Init
                0x08002d72       0x32 Drivers/STM32F4xx_HAL_Driver/Src/stm32f4xx_hal_tim.o
                0x08002d72                HAL_TIM_PWM_Init
 .text.HAL_TIM_Encoder_Init
                0x08002da4       0x98 Drivers/STM32F4xx_HAL_Driver/Src/stm32f4xx_hal_tim.o
                0x08002da4                HAL_TIM_Encoder_Init
 .text.TIM_OC2_SetConfig
                0x08002e3c       0x70 Drivers/STM32F4xx_HAL_Driver/Src/stm32f4xx_hal_tim.o
                0x08002e3c                TIM_OC2_SetConfig
 .text.HAL_TIM_PWM_ConfigChannel
                0x08002eac       0xdc Drivers/STM32F4xx_HAL_Driver/Src/stm32f4xx_hal_tim.o
                0x08002eac                HAL_TIM_PWM_ConfigChannel
 .text.TIM_CCxChannelCmd
                0x08002f88       0x1e Drivers/STM32F4xx_HAL_Driver/Src/stm32f4xx_hal_tim.o
                0x08002f88                TIM_CCxChannelCmd
 *fill*         0x08002fa6        0x2 
 .text.HAL_TIM_PWM_Start
                0x08002fa8       0x44 Drivers/STM32F4xx_HAL_Driver/Src/stm32f4xx_hal_tim.o
                0x08002fa8                HAL_TIM_PWM_Start
 .text.HAL_TIM_Encoder_Start
                0x08002fec       0x44 Drivers/STM32F4xx_HAL_Driver/Src/stm32f4xx_hal_tim.o
                0x08002fec                HAL_TIM_Encoder_Start
 .text.TIM_CCxNChannelCmd
                0x08003030       0x1e Drivers/STM32F4xx_HAL_Driver/Src/stm32f4xx_hal_tim_ex.o
 .text.HAL_TIMEx_PWMN_Start
                0x0800304e       0x24 Drivers/STM32F4xx_HAL_Driver/Src/stm32f4xx_hal_tim_ex.o
                0x0800304e                HAL_TIMEx_PWMN_Start
 .text.HAL_TIMEx_MasterConfigSynchronization
                0x08003072       0x52 Drivers/STM32F4xx_HAL_Driver/Src/stm32f4xx_hal_tim_ex.o
                0x08003072                HAL_TIMEx_MasterConfigSynchronization
 .text.HAL_TIMEx_ConfigBreakDeadTime
                0x080030c4       0x58 Drivers/STM32F4xx_HAL_Driver/Src/stm32f4xx_hal_tim_ex.o
                0x080030c4                HAL_TIMEx_ConfigBreakDeadTime
 .text.HAL_TIMEx_CommutationCallback
                0x0800311c        0x2 Drivers/STM32F4xx_HAL_Driver/Src/stm32f4xx_hal_tim_ex.o
                0x0800311c                HAL_TIMEx_CommutationCallback
 .text.HAL_TIMEx_BreakCallback
                0x0800311e        0x2 Drivers/STM32F4xx_HAL_Driver/Src/stm32f4xx_hal_tim_ex.o
                0x0800311e                HAL_TIMEx_BreakCallback
 .text.UART_SetConfig
                0x08003120      0x344 Drivers/STM32F4xx_HAL_Driver/Src/stm32f4xx_hal_uart.o
 .text.HAL_UART_Init
                0x08003464       0x5e Drivers/STM32F4xx_HAL_Driver/Src/stm32f4xx_hal_uart.o
                0x08003464                HAL_UART_Init
 *fill*         0x080034c2        0x2 
 .text.MX_ADC1_Init
                0x080034c4       0xc4 Src/adc.o
                0x080034c4                MX_ADC1_Init
 .text.HAL_ADC_MspInit
                0x08003588       0x98 Src/adc.o
                0x08003588                HAL_ADC_MspInit
 .text.MX_DMA_Init
                0x08003620       0x34 Src/dma.o
                0x08003620                MX_DMA_Init
 .text.MX_GPIO_Init
                0x08003654       0x9c Src/gpio.o
                0x08003654                MX_GPIO_Init
 .text.MX_I2C2_Init
                0x080036f0       0x44 Src/i2c.o
                0x080036f0                MX_I2C2_Init
 .text.HAL_I2C_MspInit
                0x08003734       0x58 Src/i2c.o
                0x08003734                HAL_I2C_MspInit
 .text.user_tim7_interrupt
                0x0800378c       0x14 Src/main.o
                0x0800378c                user_tim7_interrupt
 .text.user_tim1_ch2_pwm_setvalue
                0x080037a0       0x48 Src/main.o
                0x080037a0                user_tim1_ch2_pwm_setvalue
 .text.user_tim5_ch3_pwm_setvalue
                0x080037e8       0x44 Src/main.o
                0x080037e8                user_tim5_ch3_pwm_setvalue
 .text.user_tim5_ch4_pwm_setvalue
                0x0800382c       0x44 Src/main.o
                0x0800382c                user_tim5_ch4_pwm_setvalue
 .text.user_tim8_ch3_pwm_setvalue
                0x08003870       0x44 Src/main.o
                0x08003870                user_tim8_ch3_pwm_setvalue
 .text.user_tim8_ch4_pwm_setvalue
                0x080038b4       0x44 Src/main.o
                0x080038b4                user_tim8_ch4_pwm_setvalue
 .text.user_tim4_ch1_pwm_setvalue
                0x080038f8       0x44 Src/main.o
                0x080038f8                user_tim4_ch1_pwm_setvalue
 .text.user_tim4_ch2_pwm_setvalue
                0x0800393c       0x48 Src/main.o
                0x0800393c                user_tim4_ch2_pwm_setvalue
 .text.user_tim4_ch3_pwm_setvalue
                0x08003984       0x44 Src/main.o
                0x08003984                user_tim4_ch3_pwm_setvalue
 .text.user_tim4_ch4_pwm_setvalue
                0x080039c8       0x44 Src/main.o
                0x080039c8                user_tim4_ch4_pwm_setvalue
 .text.user_tim4_pwm_setvalue
                0x08003a0c       0x2c Src/main.o
                0x08003a0c                user_tim4_pwm_setvalue
 .text.user_tim2_qei_setvalue
                0x08003a38        0x8 Src/main.o
                0x08003a38                user_tim2_qei_setvalue
 .text.user_tim3_qei_setvalue
                0x08003a40        0xc Src/main.o
                0x08003a40                user_tim3_qei_setvalue
 .text.user_tim2_qei_getvalue
                0x08003a4c        0x8 Src/main.o
                0x08003a4c                user_tim2_qei_getvalue
 .text.user_tim3_qei_getvalue
                0x08003a54        0xc Src/main.o
                0x08003a54                user_tim3_qei_getvalue
 .text.user_enc_gyro_getvalue
                0x08003a60       0x30 Src/main.o
                0x08003a60                user_enc_gyro_getvalue
 .text.user_i2c2_gyro_getvalue
                0x08003a90       0x80 Src/main.o
                0x08003a90                user_i2c2_gyro_getvalue
 .text.user_i2c2_gyro_set_init
                0x08003b10       0xb8 Src/main.o
                0x08003b10                user_i2c2_gyro_set_init
 .text.user_motor1_duty
                0x08003bc8       0x5c Src/main.o
                0x08003bc8                user_motor1_duty
 .text.user_motor2_duty
                0x08003c24       0x5c Src/main.o
                0x08003c24                user_motor2_duty
 .text.user_motor_foward
                0x08003c80       0x94 Src/main.o
                0x08003c80                user_motor_foward
 .text.user_motor1_qei_getvalue
                0x08003d14       0x2a Src/main.o
                0x08003d14                user_motor1_qei_getvalue
 .text.user_motor2_qei_getvalue
                0x08003d3e       0x2e Src/main.o
                0x08003d3e                user_motor2_qei_getvalue
 .text.user_pid_motor1_position
                0x08003d6c       0x24 Src/main.o
                0x08003d6c                user_pid_motor1_position
 .text.user_motor1_control
                0x08003d90       0x34 Src/main.o
                0x08003d90                user_motor1_control
 .text.user_pid_motor2_position
                0x08003dc4       0x24 Src/main.o
                0x08003dc4                user_pid_motor2_position
 .text.user_motor2_control
                0x08003de8       0x34 Src/main.o
                0x08003de8                user_motor2_control
 *fill*         0x08003e1c        0x4 
 .text.user_tim6_interrupt
                0x08003e20       0xe8 Src/main.o
                0x08003e20                user_tim6_interrupt
 .text.user_button_1
                0x08003f08       0x18 Src/main.o
                0x08003f08                user_button_1
 .text.user_button_2
                0x08003f20       0x18 Src/main.o
                0x08003f20                user_button_2
 .text._Error_Handler
                0x08003f38        0x2 Src/main.o
                0x08003f38                _Error_Handler
 *fill*         0x08003f3a        0x2 
 .text.SystemClock_Config
                0x08003f3c       0xac Src/main.o
                0x08003f3c                SystemClock_Config
 .text.main     0x08003fe8       0xf0 Src/main.o
                0x08003fe8                main
 .text.HAL_MspInit
                0x080040d8       0x5e Src/stm32f4xx_hal_msp.o
                0x080040d8                HAL_MspInit
 .text.NMI_Handler
                0x08004136        0x2 Src/stm32f4xx_it.o
                0x08004136                NMI_Handler
 .text.HardFault_Handler
                0x08004138        0x2 Src/stm32f4xx_it.o
                0x08004138                HardFault_Handler
 .text.MemManage_Handler
                0x0800413a        0x2 Src/stm32f4xx_it.o
                0x0800413a                MemManage_Handler
 .text.BusFault_Handler
                0x0800413c        0x2 Src/stm32f4xx_it.o
                0x0800413c                BusFault_Handler
 .text.UsageFault_Handler
                0x0800413e        0x2 Src/stm32f4xx_it.o
                0x0800413e                UsageFault_Handler
 .text.SVC_Handler
                0x08004140        0x2 Src/stm32f4xx_it.o
                0x08004140                SVC_Handler
 .text.DebugMon_Handler
                0x08004142        0x2 Src/stm32f4xx_it.o
                0x08004142                DebugMon_Handler
 .text.PendSV_Handler
                0x08004144        0x2 Src/stm32f4xx_it.o
                0x08004144                PendSV_Handler
 .text.SysTick_Handler
                0x08004146        0xc Src/stm32f4xx_it.o
                0x08004146                SysTick_Handler
 *fill*         0x08004152        0x2 
 .text.TIM6_DAC_IRQHandler
                0x08004154       0x18 Src/stm32f4xx_it.o
                0x08004154                TIM6_DAC_IRQHandler
 .text.TIM7_IRQHandler
                0x0800416c       0x14 Src/stm32f4xx_it.o
                0x0800416c                TIM7_IRQHandler
 .text.DMA2_Stream0_IRQHandler
                0x08004180       0x10 Src/stm32f4xx_it.o
                0x08004180                DMA2_Stream0_IRQHandler
 .text.SystemInit
                0x08004190       0x4c Src/system_stm32f4xx.o
                0x08004190                SystemInit
 .text.MX_TIM2_Init
                0x080041dc       0x6c Src/tim.o
                0x080041dc                MX_TIM2_Init
 .text.MX_TIM3_Init
                0x08004248       0x70 Src/tim.o
                0x08004248                MX_TIM3_Init
 .text.MX_TIM6_Init
                0x080042b8       0x58 Src/tim.o
                0x080042b8                MX_TIM6_Init
 .text.MX_TIM7_Init
                0x08004310       0x58 Src/tim.o
                0x08004310                MX_TIM7_Init
 .text.HAL_TIM_PWM_MspInit
                0x08004368       0x9c Src/tim.o
                0x08004368                HAL_TIM_PWM_MspInit
 .text.HAL_TIM_Encoder_MspInit
                0x08004404       0x8c Src/tim.o
                0x08004404                HAL_TIM_Encoder_MspInit
 .text.HAL_TIM_Base_MspInit
                0x08004490       0x74 Src/tim.o
                0x08004490                HAL_TIM_Base_MspInit
 .text.HAL_TIM_MspPostInit
                0x08004504       0xb0 Src/tim.o
                0x08004504                HAL_TIM_MspPostInit
 .text.MX_TIM1_Init
                0x080045b4       0xb0 Src/tim.o
                0x080045b4                MX_TIM1_Init
 .text.MX_TIM4_Init
                0x08004664       0xc0 Src/tim.o
                0x08004664                MX_TIM4_Init
 .text.MX_TIM5_Init
                0x08004724       0x94 Src/tim.o
                0x08004724                MX_TIM5_Init
 .text.MX_TIM8_Init
                0x080047b8       0xd0 Src/tim.o
                0x080047b8                MX_TIM8_Init
 .text.MX_USART1_UART_Init
                0x08004888       0x3c Src/usart.o
                0x08004888                MX_USART1_UART_Init
 .text.HAL_UART_MspInit
                0x080048c4       0x58 Src/usart.o
                0x080048c4                HAL_UART_MspInit
 .text.Reset_Handler
                0x0800491c       0x50 startup/startup_stm32f405xx.o
                0x0800491c                Reset_Handler
 .text.Default_Handler
                0x0800496c        0x2 startup/startup_stm32f405xx.o
                0x0800496c                RTC_Alarm_IRQHandler
                0x0800496c                HASH_RNG_IRQHandler
                0x0800496c                EXTI2_IRQHandler
                0x0800496c                TIM8_CC_IRQHandler
                0x0800496c                TIM1_CC_IRQHandler
                0x0800496c                DMA2_Stream5_IRQHandler
                0x0800496c                DMA1_Stream5_IRQHandler
                0x0800496c                PVD_IRQHandler
                0x0800496c                SDIO_IRQHandler
                0x0800496c                TAMP_STAMP_IRQHandler
                0x0800496c                CAN2_RX1_IRQHandler
                0x0800496c                EXTI3_IRQHandler
                0x0800496c                TIM8_TRG_COM_TIM14_IRQHandler
                0x0800496c                TIM1_UP_TIM10_IRQHandler
                0x0800496c                TIM8_UP_TIM13_IRQHandler
                0x0800496c                I2C3_ER_IRQHandler
                0x0800496c                EXTI0_IRQHandler
                0x0800496c                I2C2_EV_IRQHandler
                0x0800496c                DMA1_Stream2_IRQHandler
                0x0800496c                CAN1_RX0_IRQHandler
                0x0800496c                FPU_IRQHandler
                0x0800496c                OTG_HS_WKUP_IRQHandler
                0x0800496c                CAN2_SCE_IRQHandler
                0x0800496c                DMA2_Stream2_IRQHandler
                0x0800496c                SPI1_IRQHandler
                0x0800496c                TIM1_BRK_TIM9_IRQHandler
                0x0800496c                CAN2_RX0_IRQHandler
                0x0800496c                DMA2_Stream3_IRQHandler
                0x0800496c                USART6_IRQHandler
                0x0800496c                USART3_IRQHandler
                0x0800496c                CAN1_RX1_IRQHandler
                0x0800496c                UART5_IRQHandler
                0x0800496c                TIM4_IRQHandler
                0x0800496c                I2C1_EV_IRQHandler
                0x0800496c                DMA1_Stream6_IRQHandler
                0x0800496c                DMA1_Stream1_IRQHandler
                0x0800496c                UART4_IRQHandler
                0x0800496c                TIM3_IRQHandler
                0x0800496c                RCC_IRQHandler
                0x0800496c                TIM8_BRK_TIM12_IRQHandler
                0x0800496c                Default_Handler
                0x0800496c                EXTI15_10_IRQHandler
                0x0800496c                ADC_IRQHandler
                0x0800496c                DMA1_Stream7_IRQHandler
                0x0800496c                CAN2_TX_IRQHandler
                0x0800496c                TIM5_IRQHandler
                0x0800496c                DMA2_Stream7_IRQHandler
                0x0800496c                I2C3_EV_IRQHandler
                0x0800496c                EXTI9_5_IRQHandler
                0x0800496c                RTC_WKUP_IRQHandler
                0x0800496c                SPI2_IRQHandler
                0x0800496c                OTG_HS_EP1_IN_IRQHandler
                0x0800496c                DMA1_Stream0_IRQHandler
                0x0800496c                CAN1_TX_IRQHandler
                0x0800496c                EXTI4_IRQHandler
                0x0800496c                FSMC_IRQHandler
                0x0800496c                OTG_HS_EP1_OUT_IRQHandler
                0x0800496c                WWDG_IRQHandler
                0x0800496c                TIM2_IRQHandler
                0x0800496c                OTG_FS_WKUP_IRQHandler
                0x0800496c                TIM1_TRG_COM_TIM11_IRQHandler
                0x0800496c                OTG_HS_IRQHandler
                0x0800496c                EXTI1_IRQHandler
                0x0800496c                USART2_IRQHandler
                0x0800496c                I2C2_ER_IRQHandler
                0x0800496c                DMA2_Stream1_IRQHandler
                0x0800496c                CAN1_SCE_IRQHandler
                0x0800496c                FLASH_IRQHandler
                0x0800496c                DMA2_Stream4_IRQHandler
                0x0800496c                USART1_IRQHandler
                0x0800496c                OTG_FS_IRQHandler
                0x0800496c                SPI3_IRQHandler
                0x0800496c                DMA1_Stream4_IRQHandler
                0x0800496c                I2C1_ER_IRQHandler
                0x0800496c                DMA2_Stream6_IRQHandler
                0x0800496c                DMA1_Stream3_IRQHandler
 *fill*         0x0800496e        0x2 
 .text.__libc_init_array
                0x08004970       0x48 c:/ac6/systemworkbench/plugins/fr.ac6.mcu.externaltools.arm-none.win32_1.15.0.201708311556/tools/compiler/bin/../lib/gcc/arm-none-eabi/6.3.1/../../../../arm-none-eabi/lib/thumb/v7e-m/fpv4-sp/hard\libc_nano.a(lib_a-init.o)
                0x08004970                __libc_init_array
 *(.glue_7)
 .glue_7        0x080049b8        0x0 linker stubs
 *(.glue_7t)
 .glue_7t       0x080049b8        0x0 linker stubs
 *(.eh_frame)
 .eh_frame      0x080049b8        0x0 c:/ac6/systemworkbench/plugins/fr.ac6.mcu.externaltools.arm-none.win32_1.15.0.201708311556/tools/compiler/bin/../lib/gcc/arm-none-eabi/6.3.1/thumb/v7e-m/fpv4-sp/hard/crtbegin.o
 *(.init)
 .init          0x080049b8        0x4 c:/ac6/systemworkbench/plugins/fr.ac6.mcu.externaltools.arm-none.win32_1.15.0.201708311556/tools/compiler/bin/../lib/gcc/arm-none-eabi/6.3.1/thumb/v7e-m/fpv4-sp/hard/crti.o
                0x080049b8                _init
 .init          0x080049bc        0x8 c:/ac6/systemworkbench/plugins/fr.ac6.mcu.externaltools.arm-none.win32_1.15.0.201708311556/tools/compiler/bin/../lib/gcc/arm-none-eabi/6.3.1/thumb/v7e-m/fpv4-sp/hard/crtn.o
 *(.fini)
 .fini          0x080049c4        0x4 c:/ac6/systemworkbench/plugins/fr.ac6.mcu.externaltools.arm-none.win32_1.15.0.201708311556/tools/compiler/bin/../lib/gcc/arm-none-eabi/6.3.1/thumb/v7e-m/fpv4-sp/hard/crti.o
                0x080049c4                _fini
 .fini          0x080049c8        0x8 c:/ac6/systemworkbench/plugins/fr.ac6.mcu.externaltools.arm-none.win32_1.15.0.201708311556/tools/compiler/bin/../lib/gcc/arm-none-eabi/6.3.1/thumb/v7e-m/fpv4-sp/hard/crtn.o
                0x080049d0                . = ALIGN (0x4)
                0x080049d0                _etext = .

.vfp11_veneer   0x080049d0        0x0
 .vfp11_veneer  0x080049d0        0x0 linker stubs

.v4_bx          0x080049d0        0x0
 .v4_bx         0x080049d0        0x0 linker stubs

.iplt           0x080049d0        0x0
 .iplt          0x080049d0        0x0 c:/ac6/systemworkbench/plugins/fr.ac6.mcu.externaltools.arm-none.win32_1.15.0.201708311556/tools/compiler/bin/../lib/gcc/arm-none-eabi/6.3.1/thumb/v7e-m/fpv4-sp/hard/crtbegin.o

.rodata         0x080049d0       0x70
                0x080049d0                . = ALIGN (0x4)
 *(.rodata)
 .rodata        0x080049d0        0x8 Drivers/STM32F4xx_HAL_Driver/Src/stm32f4xx_hal_dma.o
 .rodata        0x080049d8       0x18 Src/system_stm32f4xx.o
                0x080049d8                AHBPrescTable
                0x080049e8                APBPrescTable
 *(.rodata*)
 .rodata.str1.4
                0x080049f0        0xd Src/adc.o
 *fill*         0x080049fd        0x3 
 .rodata.str1.4
                0x08004a00        0xd Src/i2c.o
 *fill*         0x08004a0d        0x3 
 .rodata.str1.4
                0x08004a10        0xe Src/main.o
 *fill*         0x08004a1e        0x2 
 .rodata.str1.4
                0x08004a20        0xd Src/tim.o
 *fill*         0x08004a2d        0x3 
 .rodata.str1.4
                0x08004a30       0x10 Src/usart.o
                                  0xf (size before relaxing)
                0x08004a40                . = ALIGN (0x4)

.ARM.extab
 *(.ARM.extab* .gnu.linkonce.armextab.*)

.ARM            0x08004a40        0x8
                0x08004a40                __exidx_start = .
 *(.ARM.exidx*)
 .ARM.exidx     0x08004a40        0x8 c:/ac6/systemworkbench/plugins/fr.ac6.mcu.externaltools.arm-none.win32_1.15.0.201708311556/tools/compiler/bin/../lib/gcc/arm-none-eabi/6.3.1/thumb/v7e-m/fpv4-sp/hard\libgcc.a(_udivmoddi4.o)
                0x08004a48                __exidx_end = .

.rel.dyn        0x08004a48        0x0
 .rel.iplt      0x08004a48        0x0 c:/ac6/systemworkbench/plugins/fr.ac6.mcu.externaltools.arm-none.win32_1.15.0.201708311556/tools/compiler/bin/../lib/gcc/arm-none-eabi/6.3.1/thumb/v7e-m/fpv4-sp/hard/crtbegin.o

.preinit_array  0x08004a48        0x0
                0x08004a48                PROVIDE (__preinit_array_start, .)
 *(.preinit_array*)
                0x08004a48                PROVIDE (__preinit_array_end, .)

.init_array     0x08004a48        0x4
                0x08004a48                PROVIDE (__init_array_start, .)
 *(SORT(.init_array.*))
 *(.init_array*)
 .init_array    0x08004a48        0x4 c:/ac6/systemworkbench/plugins/fr.ac6.mcu.externaltools.arm-none.win32_1.15.0.201708311556/tools/compiler/bin/../lib/gcc/arm-none-eabi/6.3.1/thumb/v7e-m/fpv4-sp/hard/crtbegin.o
                0x08004a4c                PROVIDE (__init_array_end, .)

.fini_array     0x08004a4c        0x4
                [!provide]                PROVIDE (__fini_array_start, .)
 *(SORT(.fini_array.*))
 *(.fini_array*)
 .fini_array    0x08004a4c        0x4 c:/ac6/systemworkbench/plugins/fr.ac6.mcu.externaltools.arm-none.win32_1.15.0.201708311556/tools/compiler/bin/../lib/gcc/arm-none-eabi/6.3.1/thumb/v7e-m/fpv4-sp/hard/crtbegin.o
                [!provide]                PROVIDE (__fini_array_end, .)
                0x08004a50                _sidata = LOADADDR (.data)

.data           0x20000000        0xc load address 0x08004a50
                0x20000000                . = ALIGN (0x4)
                0x20000000                _sdata = .
 *(.data)
 .data          0x20000000        0x8 Drivers/STM32F4xx_HAL_Driver/Src/stm32f4xx_hal.o
                0x20000000                uwTickFreq
                0x20000004                uwTickPrio
 .data          0x20000008        0x4 Src/system_stm32f4xx.o
                0x20000008                SystemCoreClock
 *(.data*)
                0x2000000c                . = ALIGN (0x4)
                0x2000000c                _edata = .
                0x08004a5c                _siccmram = LOADADDR (.ccmram)

.jcr            0x2000000c        0x0 load address 0x08004a5c
 .jcr           0x2000000c        0x0 c:/ac6/systemworkbench/plugins/fr.ac6.mcu.externaltools.arm-none.win32_1.15.0.201708311556/tools/compiler/bin/../lib/gcc/arm-none-eabi/6.3.1/thumb/v7e-m/fpv4-sp/hard/crtbegin.o

.igot.plt       0x2000000c        0x0 load address 0x08004a5c
 .igot.plt      0x2000000c        0x0 c:/ac6/systemworkbench/plugins/fr.ac6.mcu.externaltools.arm-none.win32_1.15.0.201708311556/tools/compiler/bin/../lib/gcc/arm-none-eabi/6.3.1/thumb/v7e-m/fpv4-sp/hard/crtbegin.o

.ccmram         0x10000000        0x0 load address 0x08004a5c
                0x10000000                . = ALIGN (0x4)
                0x10000000                _sccmram = .
 *(.ccmram)
 *(.ccmram*)
                0x10000000                . = ALIGN (0x4)
                0x10000000                _eccmram = .
                0x10000000                . = ALIGN (0x4)

.bss            0x20000010      0x3a8
                0x20000010                _sbss = .
                0x20000010                __bss_start__ = _sbss
 *(.bss)
 .bss           0x20000010       0x1c c:/ac6/systemworkbench/plugins/fr.ac6.mcu.externaltools.arm-none.win32_1.15.0.201708311556/tools/compiler/bin/../lib/gcc/arm-none-eabi/6.3.1/thumb/v7e-m/fpv4-sp/hard/crtbegin.o
 *fill*         0x2000002c        0x4 
 .bss           0x20000030       0x58 Src/main.o
                0x20000050                time
                0x20000058                view_enc1
                0x20000060                view_enc2
                0x20000068                view_gyro_i2c
                0x20000070                view_gyro_enc
                0x20000078                theta
                0x20000080                theta_offset
 *(.bss*)
 *(COMMON)
 COMMON         0x20000088        0x4 Drivers/STM32F4xx_HAL_Driver/Src/stm32f4xx_hal.o
                0x20000088                uwTick
 COMMON         0x2000008c       0xa8 Src/adc.o
                0x2000008c                hadc1
                0x200000d4                hdma_adc1
 COMMON         0x20000134       0x54 Src/i2c.o
                0x20000134                hi2c2
 COMMON         0x20000188        0xe Src/main.o
                0x20000188                ADCBuffer
                0x20000190                flg
 *fill*         0x20000196        0x2 
 COMMON         0x20000198      0x1e0 Src/tim.o
                0x20000198                htim8
                0x200001d4                htim4
                0x20000210                htim5
                0x2000024c                htim3
                0x20000288                htim6
                0x200002c4                htim1
                0x20000300                htim2
                0x2000033c                htim7
 COMMON         0x20000378       0x40 Src/usart.o
                0x20000378                huart1
                0x200003b8                . = ALIGN (0x4)
                0x200003b8                _ebss = .
                0x200003b8                __bss_end__ = _ebss

._user_heap_stack
                0x200003b8      0x600
                0x200003b8                . = ALIGN (0x8)
                [!provide]                PROVIDE (end, .)
                [!provide]                PROVIDE (_end, .)
                0x200005b8                . = (. + _Min_Heap_Size)
 *fill*         0x200003b8      0x200 
                0x200009b8                . = (. + _Min_Stack_Size)
 *fill*         0x200005b8      0x400 
                0x200009b8                . = ALIGN (0x8)

/DISCARD/
 libc.a(*)
 libm.a(*)
 libgcc.a(*)

.ARM.attributes
                0x00000000       0x30
 *(.ARM.attributes)
 .ARM.attributes
                0x00000000       0x22 c:/ac6/systemworkbench/plugins/fr.ac6.mcu.externaltools.arm-none.win32_1.15.0.201708311556/tools/compiler/bin/../lib/gcc/arm-none-eabi/6.3.1/thumb/v7e-m/fpv4-sp/hard/crti.o
 .ARM.attributes
                0x00000022       0x34 c:/ac6/systemworkbench/plugins/fr.ac6.mcu.externaltools.arm-none.win32_1.15.0.201708311556/tools/compiler/bin/../lib/gcc/arm-none-eabi/6.3.1/thumb/v7e-m/fpv4-sp/hard/crtbegin.o
 .ARM.attributes
                0x00000056       0x39 Drivers/STM32F4xx_HAL_Driver/Src/stm32f4xx_hal.o
 .ARM.attributes
                0x0000008f       0x39 Drivers/STM32F4xx_HAL_Driver/Src/stm32f4xx_hal_adc.o
 .ARM.attributes
                0x000000c8       0x39 Drivers/STM32F4xx_HAL_Driver/Src/stm32f4xx_hal_cortex.o
 .ARM.attributes
                0x00000101       0x39 Drivers/STM32F4xx_HAL_Driver/Src/stm32f4xx_hal_dma.o
 .ARM.attributes
                0x0000013a       0x39 Drivers/STM32F4xx_HAL_Driver/Src/stm32f4xx_hal_gpio.o
 .ARM.attributes
                0x00000173       0x39 Drivers/STM32F4xx_HAL_Driver/Src/stm32f4xx_hal_i2c.o
 .ARM.attributes
                0x000001ac       0x39 Drivers/STM32F4xx_HAL_Driver/Src/stm32f4xx_hal_rcc.o
 .ARM.attributes
                0x000001e5       0x39 Drivers/STM32F4xx_HAL_Driver/Src/stm32f4xx_hal_tim.o
 .ARM.attributes
                0x0000021e       0x39 Drivers/STM32F4xx_HAL_Driver/Src/stm32f4xx_hal_tim_ex.o
 .ARM.attributes
                0x00000257       0x39 Drivers/STM32F4xx_HAL_Driver/Src/stm32f4xx_hal_uart.o
 .ARM.attributes
                0x00000290       0x39 Src/adc.o
 .ARM.attributes
                0x000002c9       0x39 Src/dma.o
 .ARM.attributes
                0x00000302       0x39 Src/gpio.o
 .ARM.attributes
                0x0000033b       0x39 Src/i2c.o
 .ARM.attributes
                0x00000374       0x39 Src/main.o
 .ARM.attributes
                0x000003ad       0x39 Src/stm32f4xx_hal_msp.o
 .ARM.attributes
                0x000003e6       0x39 Src/stm32f4xx_it.o
 .ARM.attributes
                0x0000041f       0x39 Src/system_stm32f4xx.o
 .ARM.attributes
                0x00000458       0x39 Src/tim.o
 .ARM.attributes
                0x00000491       0x39 Src/usart.o
 .ARM.attributes
                0x000004ca       0x21 startup/startup_stm32f405xx.o
 .ARM.attributes
                0x000004eb       0x34 c:/ac6/systemworkbench/plugins/fr.ac6.mcu.externaltools.arm-none.win32_1.15.0.201708311556/tools/compiler/bin/../lib/gcc/arm-none-eabi/6.3.1/../../../../arm-none-eabi/lib/thumb/v7e-m/fpv4-sp/hard\libc_nano.a(lib_a-init.o)
 .ARM.attributes
                0x0000051f       0x22 c:/ac6/systemworkbench/plugins/fr.ac6.mcu.externaltools.arm-none.win32_1.15.0.201708311556/tools/compiler/bin/../lib/gcc/arm-none-eabi/6.3.1/thumb/v7e-m/fpv4-sp/hard\libgcc.a(_arm_addsubdf3.o)
 .ARM.attributes
                0x00000541       0x22 c:/ac6/systemworkbench/plugins/fr.ac6.mcu.externaltools.arm-none.win32_1.15.0.201708311556/tools/compiler/bin/../lib/gcc/arm-none-eabi/6.3.1/thumb/v7e-m/fpv4-sp/hard\libgcc.a(_arm_muldivdf3.o)
 .ARM.attributes
                0x00000563       0x22 c:/ac6/systemworkbench/plugins/fr.ac6.mcu.externaltools.arm-none.win32_1.15.0.201708311556/tools/compiler/bin/../lib/gcc/arm-none-eabi/6.3.1/thumb/v7e-m/fpv4-sp/hard\libgcc.a(_arm_truncdfsf2.o)
 .ARM.attributes
                0x00000585       0x22 c:/ac6/systemworkbench/plugins/fr.ac6.mcu.externaltools.arm-none.win32_1.15.0.201708311556/tools/compiler/bin/../lib/gcc/arm-none-eabi/6.3.1/thumb/v7e-m/fpv4-sp/hard\libgcc.a(_aeabi_uldivmod.o)
 .ARM.attributes
                0x000005a7       0x34 c:/ac6/systemworkbench/plugins/fr.ac6.mcu.externaltools.arm-none.win32_1.15.0.201708311556/tools/compiler/bin/../lib/gcc/arm-none-eabi/6.3.1/thumb/v7e-m/fpv4-sp/hard\libgcc.a(_udivmoddi4.o)
 .ARM.attributes
                0x000005db       0x22 c:/ac6/systemworkbench/plugins/fr.ac6.mcu.externaltools.arm-none.win32_1.15.0.201708311556/tools/compiler/bin/../lib/gcc/arm-none-eabi/6.3.1/thumb/v7e-m/fpv4-sp/hard\libgcc.a(_dvmd_tls.o)
 .ARM.attributes
                0x000005fd       0x22 c:/ac6/systemworkbench/plugins/fr.ac6.mcu.externaltools.arm-none.win32_1.15.0.201708311556/tools/compiler/bin/../lib/gcc/arm-none-eabi/6.3.1/thumb/v7e-m/fpv4-sp/hard/crtn.o
OUTPUT(stm405_c.elf elf32-littlearm)

.debug_info     0x00000000    0x1e8d0
 .debug_info    0x00000000     0x11ca Drivers/STM32F4xx_HAL_Driver/Src/stm32f4xx_hal.o
 .debug_info    0x000011ca     0x15da Drivers/STM32F4xx_HAL_Driver/Src/stm32f4xx_hal_adc.o
 .debug_info    0x000027a4     0x1748 Drivers/STM32F4xx_HAL_Driver/Src/stm32f4xx_hal_cortex.o
 .debug_info    0x00003eec     0x127c Drivers/STM32F4xx_HAL_Driver/Src/stm32f4xx_hal_dma.o
 .debug_info    0x00005168      0xf97 Drivers/STM32F4xx_HAL_Driver/Src/stm32f4xx_hal_gpio.o
 .debug_info    0x000060ff     0x36e2 Drivers/STM32F4xx_HAL_Driver/Src/stm32f4xx_hal_i2c.o
 .debug_info    0x000097e1     0x125f Drivers/STM32F4xx_HAL_Driver/Src/stm32f4xx_hal_rcc.o
 .debug_info    0x0000aa40     0x3684 Drivers/STM32F4xx_HAL_Driver/Src/stm32f4xx_hal_tim.o
 .debug_info    0x0000e0c4     0x1b26 Drivers/STM32F4xx_HAL_Driver/Src/stm32f4xx_hal_tim_ex.o
 .debug_info    0x0000fbea     0x1f1d Drivers/STM32F4xx_HAL_Driver/Src/stm32f4xx_hal_uart.o
 .debug_info    0x00011b07     0x1380 Src/adc.o
 .debug_info    0x00012e87      0xd7c Src/dma.o
 .debug_info    0x00013c03      0xd0e Src/gpio.o
 .debug_info    0x00014911     0x1228 Src/i2c.o
 .debug_info    0x00015b39     0x314f Src/main.o
 .debug_info    0x00018c88      0xc63 Src/stm32f4xx_hal_msp.o
 .debug_info    0x000198eb      0xf89 Src/stm32f4xx_it.o
 .debug_info    0x0001a874      0xd30 Src/system_stm32f4xx.o
 .debug_info    0x0001b5a4     0x2124 Src/tim.o
 .debug_info    0x0001d6c8     0x1196 Src/usart.o
 .debug_info    0x0001e85e       0x72 startup/startup_stm32f405xx.o

.debug_abbrev   0x00000000     0x375c
 .debug_abbrev  0x00000000      0x2e3 Drivers/STM32F4xx_HAL_Driver/Src/stm32f4xx_hal.o
 .debug_abbrev  0x000002e3      0x2da Drivers/STM32F4xx_HAL_Driver/Src/stm32f4xx_hal_adc.o
 .debug_abbrev  0x000005bd      0x3d4 Drivers/STM32F4xx_HAL_Driver/Src/stm32f4xx_hal_cortex.o
 .debug_abbrev  0x00000991      0x328 Drivers/STM32F4xx_HAL_Driver/Src/stm32f4xx_hal_dma.o
 .debug_abbrev  0x00000cb9      0x2a5 Drivers/STM32F4xx_HAL_Driver/Src/stm32f4xx_hal_gpio.o
 .debug_abbrev  0x00000f5e      0x2f9 Drivers/STM32F4xx_HAL_Driver/Src/stm32f4xx_hal_i2c.o
 .debug_abbrev  0x00001257      0x331 Drivers/STM32F4xx_HAL_Driver/Src/stm32f4xx_hal_rcc.o
 .debug_abbrev  0x00001588      0x2dc Drivers/STM32F4xx_HAL_Driver/Src/stm32f4xx_hal_tim.o
 .debug_abbrev  0x00001864      0x2dc Drivers/STM32F4xx_HAL_Driver/Src/stm32f4xx_hal_tim_ex.o
 .debug_abbrev  0x00001b40      0x342 Drivers/STM32F4xx_HAL_Driver/Src/stm32f4xx_hal_uart.o
 .debug_abbrev  0x00001e82      0x272 Src/adc.o
 .debug_abbrev  0x000020f4      0x232 Src/dma.o
 .debug_abbrev  0x00002326      0x229 Src/gpio.o
 .debug_abbrev  0x0000254f      0x256 Src/i2c.o
 .debug_abbrev  0x000027a5      0x464 Src/main.o
 .debug_abbrev  0x00002c09      0x209 Src/stm32f4xx_hal_msp.o
 .debug_abbrev  0x00002e12      0x22e Src/stm32f4xx_it.o
 .debug_abbrev  0x00003040      0x205 Src/system_stm32f4xx.o
 .debug_abbrev  0x00003245      0x2af Src/tim.o
 .debug_abbrev  0x000034f4      0x256 Src/usart.o
 .debug_abbrev  0x0000374a       0x12 startup/startup_stm32f405xx.o

.debug_loc      0x00000000     0xb952
 .debug_loc     0x00000000      0x108 Drivers/STM32F4xx_HAL_Driver/Src/stm32f4xx_hal.o
 .debug_loc     0x00000108      0x95e Drivers/STM32F4xx_HAL_Driver/Src/stm32f4xx_hal_adc.o
 .debug_loc     0x00000a66      0x5ce Drivers/STM32F4xx_HAL_Driver/Src/stm32f4xx_hal_cortex.o
 .debug_loc     0x00001034      0xae1 Drivers/STM32F4xx_HAL_Driver/Src/stm32f4xx_hal_dma.o
 .debug_loc     0x00001b15      0x3fd Drivers/STM32F4xx_HAL_Driver/Src/stm32f4xx_hal_gpio.o
 .debug_loc     0x00001f12     0x3198 Drivers/STM32F4xx_HAL_Driver/Src/stm32f4xx_hal_i2c.o
 .debug_loc     0x000050aa      0x3e6 Drivers/STM32F4xx_HAL_Driver/Src/stm32f4xx_hal_rcc.o
 .debug_loc     0x00005490     0x34bc Drivers/STM32F4xx_HAL_Driver/Src/stm32f4xx_hal_tim.o
 .debug_loc     0x0000894c      0xe78 Drivers/STM32F4xx_HAL_Driver/Src/stm32f4xx_hal_tim_ex.o
 .debug_loc     0x000097c4     0x1532 Drivers/STM32F4xx_HAL_Driver/Src/stm32f4xx_hal_uart.o
 .debug_loc     0x0000acf6       0x4a Src/adc.o
 .debug_loc     0x0000ad40       0x5b Src/i2c.o
 .debug_loc     0x0000ad9b      0x84d Src/main.o
 .debug_loc     0x0000b5e8      0x13e Src/system_stm32f4xx.o
 .debug_loc     0x0000b726      0x1d1 Src/tim.o
 .debug_loc     0x0000b8f7       0x5b Src/usart.o

.debug_aranges  0x00000000     0x1060
 .debug_aranges
                0x00000000       0xe0 Drivers/STM32F4xx_HAL_Driver/Src/stm32f4xx_hal.o
 .debug_aranges
                0x000000e0       0xe8 Drivers/STM32F4xx_HAL_Driver/Src/stm32f4xx_hal_adc.o
 .debug_aranges
                0x000001c8       0xa8 Drivers/STM32F4xx_HAL_Driver/Src/stm32f4xx_hal_cortex.o
 .debug_aranges
                0x00000270       0x90 Drivers/STM32F4xx_HAL_Driver/Src/stm32f4xx_hal_dma.o
 .debug_aranges
                0x00000300       0x58 Drivers/STM32F4xx_HAL_Driver/Src/stm32f4xx_hal_gpio.o
 .debug_aranges
                0x00000358      0x268 Drivers/STM32F4xx_HAL_Driver/Src/stm32f4xx_hal_i2c.o
 .debug_aranges
                0x000005c0       0x88 Drivers/STM32F4xx_HAL_Driver/Src/stm32f4xx_hal_rcc.o
 .debug_aranges
                0x00000648      0x368 Drivers/STM32F4xx_HAL_Driver/Src/stm32f4xx_hal_tim.o
 .debug_aranges
                0x000009b0      0x140 Drivers/STM32F4xx_HAL_Driver/Src/stm32f4xx_hal_tim_ex.o
 .debug_aranges
                0x00000af0      0x1d0 Drivers/STM32F4xx_HAL_Driver/Src/stm32f4xx_hal_uart.o
 .debug_aranges
                0x00000cc0       0x30 Src/adc.o
 .debug_aranges
                0x00000cf0       0x20 Src/dma.o
 .debug_aranges
                0x00000d10       0x20 Src/gpio.o
 .debug_aranges
                0x00000d30       0x30 Src/i2c.o
 .debug_aranges
                0x00000d60      0x158 Src/main.o
 .debug_aranges
                0x00000eb8       0x20 Src/stm32f4xx_hal_msp.o
 .debug_aranges
                0x00000ed8       0x78 Src/stm32f4xx_it.o
 .debug_aranges
                0x00000f50       0x28 Src/system_stm32f4xx.o
 .debug_aranges
                0x00000f78       0x90 Src/tim.o
 .debug_aranges
                0x00001008       0x30 Src/usart.o
 .debug_aranges
                0x00001038       0x28 startup/startup_stm32f405xx.o

.debug_ranges   0x00000000      0xf90
 .debug_ranges  0x00000000       0xd0 Drivers/STM32F4xx_HAL_Driver/Src/stm32f4xx_hal.o
 .debug_ranges  0x000000d0       0xd8 Drivers/STM32F4xx_HAL_Driver/Src/stm32f4xx_hal_adc.o
 .debug_ranges  0x000001a8       0xf8 Drivers/STM32F4xx_HAL_Driver/Src/stm32f4xx_hal_cortex.o
 .debug_ranges  0x000002a0       0x80 Drivers/STM32F4xx_HAL_Driver/Src/stm32f4xx_hal_dma.o
 .debug_ranges  0x00000320       0x48 Drivers/STM32F4xx_HAL_Driver/Src/stm32f4xx_hal_gpio.o
 .debug_ranges  0x00000368      0x258 Drivers/STM32F4xx_HAL_Driver/Src/stm32f4xx_hal_i2c.o
 .debug_ranges  0x000005c0       0x90 Drivers/STM32F4xx_HAL_Driver/Src/stm32f4xx_hal_rcc.o
 .debug_ranges  0x00000650      0x358 Drivers/STM32F4xx_HAL_Driver/Src/stm32f4xx_hal_tim.o
 .debug_ranges  0x000009a8      0x130 Drivers/STM32F4xx_HAL_Driver/Src/stm32f4xx_hal_tim_ex.o
 .debug_ranges  0x00000ad8      0x1c0 Drivers/STM32F4xx_HAL_Driver/Src/stm32f4xx_hal_uart.o
 .debug_ranges  0x00000c98       0x20 Src/adc.o
 .debug_ranges  0x00000cb8       0x10 Src/dma.o
 .debug_ranges  0x00000cc8       0x10 Src/gpio.o
 .debug_ranges  0x00000cd8       0x20 Src/i2c.o
 .debug_ranges  0x00000cf8      0x148 Src/main.o
 .debug_ranges  0x00000e40       0x10 Src/stm32f4xx_hal_msp.o
 .debug_ranges  0x00000e50       0x68 Src/stm32f4xx_it.o
 .debug_ranges  0x00000eb8       0x18 Src/system_stm32f4xx.o
 .debug_ranges  0x00000ed0       0x80 Src/tim.o
 .debug_ranges  0x00000f50       0x20 Src/usart.o
 .debug_ranges  0x00000f70       0x20 startup/startup_stm32f405xx.o

.debug_macro    0x00000000    0x21956
 .debug_macro   0x00000000      0x3b2 Drivers/STM32F4xx_HAL_Driver/Src/stm32f4xx_hal.o
 .debug_macro   0x000003b2      0x8bc Drivers/STM32F4xx_HAL_Driver/Src/stm32f4xx_hal.o
 .debug_macro   0x00000c6e      0x18c Drivers/STM32F4xx_HAL_Driver/Src/stm32f4xx_hal.o
 .debug_macro   0x00000dfa       0x32 Drivers/STM32F4xx_HAL_Driver/Src/stm32f4xx_hal.o
 .debug_macro   0x00000e2c       0x2f Drivers/STM32F4xx_HAL_Driver/Src/stm32f4xx_hal.o
 .debug_macro   0x00000e5b       0x22 Drivers/STM32F4xx_HAL_Driver/Src/stm32f4xx_hal.o
 .debug_macro   0x00000e7d       0x87 Drivers/STM32F4xx_HAL_Driver/Src/stm32f4xx_hal.o
 .debug_macro   0x00000f04       0x51 Drivers/STM32F4xx_HAL_Driver/Src/stm32f4xx_hal.o
 .debug_macro   0x00000f55       0xef Drivers/STM32F4xx_HAL_Driver/Src/stm32f4xx_hal.o
 .debug_macro   0x00001044       0x6a Drivers/STM32F4xx_HAL_Driver/Src/stm32f4xx_hal.o
 .debug_macro   0x000010ae      0x1df Drivers/STM32F4xx_HAL_Driver/Src/stm32f4xx_hal.o
 .debug_macro   0x0000128d       0x35 Drivers/STM32F4xx_HAL_Driver/Src/stm32f4xx_hal.o
 .debug_macro   0x000012c2       0x50 Drivers/STM32F4xx_HAL_Driver/Src/stm32f4xx_hal.o
 .debug_macro   0x00001312      0xe66 Drivers/STM32F4xx_HAL_Driver/Src/stm32f4xx_hal.o
 .debug_macro   0x00002178    0x1411d Drivers/STM32F4xx_HAL_Driver/Src/stm32f4xx_hal.o
 .debug_macro   0x00016295       0x43 Drivers/STM32F4xx_HAL_Driver/Src/stm32f4xx_hal.o
 .debug_macro   0x000162d8     0x3535 Drivers/STM32F4xx_HAL_Driver/Src/stm32f4xx_hal.o
 .debug_macro   0x0001980d       0x58 Drivers/STM32F4xx_HAL_Driver/Src/stm32f4xx_hal.o
 .debug_macro   0x00019865       0x35 Drivers/STM32F4xx_HAL_Driver/Src/stm32f4xx_hal.o
 .debug_macro   0x0001989a       0x9c Drivers/STM32F4xx_HAL_Driver/Src/stm32f4xx_hal.o
 .debug_macro   0x00019936       0x16 Drivers/STM32F4xx_HAL_Driver/Src/stm32f4xx_hal.o
 .debug_macro   0x0001994c       0x97 Drivers/STM32F4xx_HAL_Driver/Src/stm32f4xx_hal.o
 .debug_macro   0x000199e3      0x330 Drivers/STM32F4xx_HAL_Driver/Src/stm32f4xx_hal.o
 .debug_macro   0x00019d13       0xfd Drivers/STM32F4xx_HAL_Driver/Src/stm32f4xx_hal.o
 .debug_macro   0x00019e10       0x10 Drivers/STM32F4xx_HAL_Driver/Src/stm32f4xx_hal.o
 .debug_macro   0x00019e20       0x58 Drivers/STM32F4xx_HAL_Driver/Src/stm32f4xx_hal.o
 .debug_macro   0x00019e78       0x1f Drivers/STM32F4xx_HAL_Driver/Src/stm32f4xx_hal.o
 .debug_macro   0x00019e97       0x43 Drivers/STM32F4xx_HAL_Driver/Src/stm32f4xx_hal.o
 .debug_macro   0x00019eda       0x20 Drivers/STM32F4xx_HAL_Driver/Src/stm32f4xx_hal.o
 .debug_macro   0x00019efa      0x187 Drivers/STM32F4xx_HAL_Driver/Src/stm32f4xx_hal.o
 .debug_macro   0x0001a081       0x10 Drivers/STM32F4xx_HAL_Driver/Src/stm32f4xx_hal.o
 .debug_macro   0x0001a091       0x1c Drivers/STM32F4xx_HAL_Driver/Src/stm32f4xx_hal.o
 .debug_macro   0x0001a0ad       0x52 Drivers/STM32F4xx_HAL_Driver/Src/stm32f4xx_hal.o
 .debug_macro   0x0001a0ff       0x40 Drivers/STM32F4xx_HAL_Driver/Src/stm32f4xx_hal.o
 .debug_macro   0x0001a13f       0x10 Drivers/STM32F4xx_HAL_Driver/Src/stm32f4xx_hal.o
 .debug_macro   0x0001a14f       0x40 Drivers/STM32F4xx_HAL_Driver/Src/stm32f4xx_hal.o
 .debug_macro   0x0001a18f       0xd7 Drivers/STM32F4xx_HAL_Driver/Src/stm32f4xx_hal.o
 .debug_macro   0x0001a266       0x16 Drivers/STM32F4xx_HAL_Driver/Src/stm32f4xx_hal.o
 .debug_macro   0x0001a27c      0x18b Drivers/STM32F4xx_HAL_Driver/Src/stm32f4xx_hal.o
 .debug_macro   0x0001a407       0x50 Drivers/STM32F4xx_HAL_Driver/Src/stm32f4xx_hal.o
 .debug_macro   0x0001a457      0x8a7 Drivers/STM32F4xx_HAL_Driver/Src/stm32f4xx_hal.o
 .debug_macro   0x0001acfe      0xa02 Drivers/STM32F4xx_HAL_Driver/Src/stm32f4xx_hal.o
 .debug_macro   0x0001b700      0x11e Drivers/STM32F4xx_HAL_Driver/Src/stm32f4xx_hal.o
 .debug_macro   0x0001b81e      0x130 Drivers/STM32F4xx_HAL_Driver/Src/stm32f4xx_hal.o
 .debug_macro   0x0001b94e       0x27 Drivers/STM32F4xx_HAL_Driver/Src/stm32f4xx_hal.o
 .debug_macro   0x0001b975      0x287 Drivers/STM32F4xx_HAL_Driver/Src/stm32f4xx_hal.o
 .debug_macro   0x0001bbfc       0x5f Drivers/STM32F4xx_HAL_Driver/Src/stm32f4xx_hal.o
 .debug_macro   0x0001bc5b      0x23a Drivers/STM32F4xx_HAL_Driver/Src/stm32f4xx_hal.o
 .debug_macro   0x0001be95      0x391 Drivers/STM32F4xx_HAL_Driver/Src/stm32f4xx_hal.o
 .debug_macro   0x0001c226      0x176 Drivers/STM32F4xx_HAL_Driver/Src/stm32f4xx_hal.o
 .debug_macro   0x0001c39c       0xf9 Drivers/STM32F4xx_HAL_Driver/Src/stm32f4xx_hal.o
 .debug_macro   0x0001c495      0x133 Drivers/STM32F4xx_HAL_Driver/Src/stm32f4xx_hal.o
 .debug_macro   0x0001c5c8      0x21e Drivers/STM32F4xx_HAL_Driver/Src/stm32f4xx_hal.o
 .debug_macro   0x0001c7e6       0x2e Drivers/STM32F4xx_HAL_Driver/Src/stm32f4xx_hal.o
 .debug_macro   0x0001c814      0x1a7 Drivers/STM32F4xx_HAL_Driver/Src/stm32f4xx_hal.o
 .debug_macro   0x0001c9bb       0xa5 Drivers/STM32F4xx_HAL_Driver/Src/stm32f4xx_hal.o
 .debug_macro   0x0001ca60      0x11e Drivers/STM32F4xx_HAL_Driver/Src/stm32f4xx_hal.o
 .debug_macro   0x0001cb7e       0x7f Drivers/STM32F4xx_HAL_Driver/Src/stm32f4xx_hal.o
 .debug_macro   0x0001cbfd       0x89 Drivers/STM32F4xx_HAL_Driver/Src/stm32f4xx_hal.o
 .debug_macro   0x0001cc86      0x6e0 Drivers/STM32F4xx_HAL_Driver/Src/stm32f4xx_hal.o
 .debug_macro   0x0001d366       0x59 Drivers/STM32F4xx_HAL_Driver/Src/stm32f4xx_hal.o
 .debug_macro   0x0001d3bf      0x14d Drivers/STM32F4xx_HAL_Driver/Src/stm32f4xx_hal.o
 .debug_macro   0x0001d50c      0x287 Drivers/STM32F4xx_HAL_Driver/Src/stm32f4xx_hal.o
 .debug_macro   0x0001d793      0x134 Drivers/STM32F4xx_HAL_Driver/Src/stm32f4xx_hal.o
 .debug_macro   0x0001d8c7      0x353 Drivers/STM32F4xx_HAL_Driver/Src/stm32f4xx_hal_adc.o
 .debug_macro   0x0001dc1a      0x352 Drivers/STM32F4xx_HAL_Driver/Src/stm32f4xx_hal_cortex.o
 .debug_macro   0x0001df6c      0x359 Drivers/STM32F4xx_HAL_Driver/Src/stm32f4xx_hal_dma.o
 .debug_macro   0x0001e2c5      0x38a Drivers/STM32F4xx_HAL_Driver/Src/stm32f4xx_hal_gpio.o
 .debug_macro   0x0001e64f      0x392 Drivers/STM32F4xx_HAL_Driver/Src/stm32f4xx_hal_i2c.o
 .debug_macro   0x0001e9e1      0x376 Drivers/STM32F4xx_HAL_Driver/Src/stm32f4xx_hal_rcc.o
 .debug_macro   0x0001ed57      0x352 Drivers/STM32F4xx_HAL_Driver/Src/stm32f4xx_hal_tim.o
 .debug_macro   0x0001f0a9      0x352 Drivers/STM32F4xx_HAL_Driver/Src/stm32f4xx_hal_tim_ex.o
 .debug_macro   0x0001f3fb      0x353 Drivers/STM32F4xx_HAL_Driver/Src/stm32f4xx_hal_uart.o
 .debug_macro   0x0001f74e      0x370 Src/adc.o
 .debug_macro   0x0001fabe      0x35c Src/dma.o
 .debug_macro   0x0001fe1a      0x35c Src/gpio.o
 .debug_macro   0x00020176      0x366 Src/i2c.o
 .debug_macro   0x000204dc      0x39f Src/main.o
 .debug_macro   0x0002087b      0x352 Src/stm32f4xx_hal_msp.o
 .debug_macro   0x00020bcd      0x360 Src/stm32f4xx_it.o
 .debug_macro   0x00020f2d      0x35d Src/system_stm32f4xx.o
 .debug_macro   0x0002128a      0x366 Src/tim.o
 .debug_macro   0x000215f0      0x366 Src/usart.o

.debug_line     0x00000000     0xea26
 .debug_line    0x00000000      0x9e5 Drivers/STM32F4xx_HAL_Driver/Src/stm32f4xx_hal.o
 .debug_line    0x000009e5      0xc77 Drivers/STM32F4xx_HAL_Driver/Src/stm32f4xx_hal_adc.o
 .debug_line    0x0000165c      0xa21 Drivers/STM32F4xx_HAL_Driver/Src/stm32f4xx_hal_cortex.o
 .debug_line    0x0000207d      0xb2a Drivers/STM32F4xx_HAL_Driver/Src/stm32f4xx_hal_dma.o
 .debug_line    0x00002ba7      0x995 Drivers/STM32F4xx_HAL_Driver/Src/stm32f4xx_hal_gpio.o
 .debug_line    0x0000353c     0x19c2 Drivers/STM32F4xx_HAL_Driver/Src/stm32f4xx_hal_i2c.o
 .debug_line    0x00004efe      0xa6f Drivers/STM32F4xx_HAL_Driver/Src/stm32f4xx_hal_rcc.o
 .debug_line    0x0000596d     0x1936 Drivers/STM32F4xx_HAL_Driver/Src/stm32f4xx_hal_tim.o
 .debug_line    0x000072a3      0xdc1 Drivers/STM32F4xx_HAL_Driver/Src/stm32f4xx_hal_tim_ex.o
 .debug_line    0x00008064     0x110f Drivers/STM32F4xx_HAL_Driver/Src/stm32f4xx_hal_uart.o
 .debug_line    0x00009173      0x879 Src/adc.o
 .debug_line    0x000099ec      0x801 Src/dma.o
 .debug_line    0x0000a1ed      0x811 Src/gpio.o
 .debug_line    0x0000a9fe      0x843 Src/i2c.o
 .debug_line    0x0000b241      0xbbc Src/main.o
 .debug_line    0x0000bdfd      0x80a Src/stm32f4xx_hal_msp.o
 .debug_line    0x0000c607      0x8c8 Src/stm32f4xx_it.o
 .debug_line    0x0000cecf      0x835 Src/system_stm32f4xx.o
 .debug_line    0x0000d704      0xa5d Src/tim.o
 .debug_line    0x0000e161      0x846 Src/usart.o
 .debug_line    0x0000e9a7       0x7f startup/startup_stm32f405xx.o

.debug_str      0x00000000    0xbf5d5
 .debug_str     0x00000000    0xbb365 Drivers/STM32F4xx_HAL_Driver/Src/stm32f4xx_hal.o
                              0xbb741 (size before relaxing)
 .debug_str     0x000bb365      0x690 Drivers/STM32F4xx_HAL_Driver/Src/stm32f4xx_hal_adc.o
                              0xbb1cd (size before relaxing)
 .debug_str     0x000bb9f5      0x3a7 Drivers/STM32F4xx_HAL_Driver/Src/stm32f4xx_hal_cortex.o
                              0xbb483 (size before relaxing)
 .debug_str     0x000bbd9c      0x2fe Drivers/STM32F4xx_HAL_Driver/Src/stm32f4xx_hal_dma.o
                              0xbb019 (size before relaxing)
 .debug_str     0x000bc09a      0x281 Drivers/STM32F4xx_HAL_Driver/Src/stm32f4xx_hal_gpio.o
                              0xbae37 (size before relaxing)
 .debug_str     0x000bc31b      0xcc2 Drivers/STM32F4xx_HAL_Driver/Src/stm32f4xx_hal_i2c.o
                              0xbba3d (size before relaxing)
 .debug_str     0x000bcfdd      0x364 Drivers/STM32F4xx_HAL_Driver/Src/stm32f4xx_hal_rcc.o
                              0xbb001 (size before relaxing)
 .debug_str     0x000bd341      0xe6b Drivers/STM32F4xx_HAL_Driver/Src/stm32f4xx_hal_tim.o
                              0xbbc3f (size before relaxing)
 .debug_str     0x000be1ac      0x4f4 Drivers/STM32F4xx_HAL_Driver/Src/stm32f4xx_hal_tim_ex.o
                              0xbb4ff (size before relaxing)
 .debug_str     0x000be6a0      0x6b9 Drivers/STM32F4xx_HAL_Driver/Src/stm32f4xx_hal_uart.o
                              0xbb47c (size before relaxing)
 .debug_str     0x000bed59       0x5f Src/adc.o
                              0xbb0b5 (size before relaxing)
 .debug_str     0x000bedb8       0x19 Src/dma.o
                              0xbb052 (size before relaxing)
 .debug_str     0x000bedd1       0x1b Src/gpio.o
                              0xbac1d (size before relaxing)
 .debug_str     0x000bedec       0x33 Src/i2c.o
                              0xbb141 (size before relaxing)
 .debug_str     0x000bee1f      0x5d9 Src/main.o
                              0xbc38a (size before relaxing)
 .debug_str     0x000bf3f8       0x1b Src/stm32f4xx_hal_msp.o
                              0xbaf5e (size before relaxing)
 .debug_str     0x000bf413       0xf4 Src/stm32f4xx_it.o
                              0xbafc0 (size before relaxing)
 .debug_str     0x000bf507       0x5a Src/system_stm32f4xx.o
                              0xbabf3 (size before relaxing)
 .debug_str     0x000bf561       0x5a Src/tim.o
                              0xbb90f (size before relaxing)
 .debug_str     0x000bf5bb       0x1a Src/usart.o
                              0xbb06d (size before relaxing)

.comment        0x00000000       0x7f
 .comment       0x00000000       0x7f Drivers/STM32F4xx_HAL_Driver/Src/stm32f4xx_hal.o
                                 0x80 (size before relaxing)
 .comment       0x0000007f       0x80 Drivers/STM32F4xx_HAL_Driver/Src/stm32f4xx_hal_adc.o
 .comment       0x0000007f       0x80 Drivers/STM32F4xx_HAL_Driver/Src/stm32f4xx_hal_cortex.o
 .comment       0x0000007f       0x80 Drivers/STM32F4xx_HAL_Driver/Src/stm32f4xx_hal_dma.o
 .comment       0x0000007f       0x80 Drivers/STM32F4xx_HAL_Driver/Src/stm32f4xx_hal_gpio.o
 .comment       0x0000007f       0x80 Drivers/STM32F4xx_HAL_Driver/Src/stm32f4xx_hal_i2c.o
 .comment       0x0000007f       0x80 Drivers/STM32F4xx_HAL_Driver/Src/stm32f4xx_hal_rcc.o
 .comment       0x0000007f       0x80 Drivers/STM32F4xx_HAL_Driver/Src/stm32f4xx_hal_tim.o
 .comment       0x0000007f       0x80 Drivers/STM32F4xx_HAL_Driver/Src/stm32f4xx_hal_tim_ex.o
 .comment       0x0000007f       0x80 Drivers/STM32F4xx_HAL_Driver/Src/stm32f4xx_hal_uart.o
 .comment       0x0000007f       0x80 Src/adc.o
 .comment       0x0000007f       0x80 Src/dma.o
 .comment       0x0000007f       0x80 Src/gpio.o
 .comment       0x0000007f       0x80 Src/i2c.o
 .comment       0x0000007f       0x80 Src/main.o
 .comment       0x0000007f       0x80 Src/stm32f4xx_hal_msp.o
 .comment       0x0000007f       0x80 Src/stm32f4xx_it.o
 .comment       0x0000007f       0x80 Src/system_stm32f4xx.o
 .comment       0x0000007f       0x80 Src/tim.o
 .comment       0x0000007f       0x80 Src/usart.o

.debug_frame    0x00000000     0x2ecc
 .debug_frame   0x00000000      0x1cc Drivers/STM32F4xx_HAL_Driver/Src/stm32f4xx_hal.o
 .debug_frame   0x000001cc      0x27c Drivers/STM32F4xx_HAL_Driver/Src/stm32f4xx_hal_adc.o
 .debug_frame   0x00000448      0x15c Drivers/STM32F4xx_HAL_Driver/Src/stm32f4xx_hal_cortex.o
 .debug_frame   0x000005a4      0x17c Drivers/STM32F4xx_HAL_Driver/Src/stm32f4xx_hal_dma.o
 .debug_frame   0x00000720       0xd0 Drivers/STM32F4xx_HAL_Driver/Src/stm32f4xx_hal_gpio.o
 .debug_frame   0x000007f0      0x848 Drivers/STM32F4xx_HAL_Driver/Src/stm32f4xx_hal_i2c.o
 .debug_frame   0x00001038      0x174 Drivers/STM32F4xx_HAL_Driver/Src/stm32f4xx_hal_rcc.o
 .debug_frame   0x000011ac      0x9e0 Drivers/STM32F4xx_HAL_Driver/Src/stm32f4xx_hal_tim.o
 .debug_frame   0x00001b8c      0x384 Drivers/STM32F4xx_HAL_Driver/Src/stm32f4xx_hal_tim_ex.o
 .debug_frame   0x00001f10      0x4e8 Drivers/STM32F4xx_HAL_Driver/Src/stm32f4xx_hal_uart.o
 .debug_frame   0x000023f8       0x6c Src/adc.o
 .debug_frame   0x00002464       0x2c Src/dma.o
 .debug_frame   0x00002490       0x30 Src/gpio.o
 .debug_frame   0x000024c0       0x5c Src/i2c.o
 .debug_frame   0x0000251c      0x494 Src/main.o
 .debug_frame   0x000029b0       0x28 Src/stm32f4xx_hal_msp.o
 .debug_frame   0x000029d8       0xf0 Src/stm32f4xx_it.o
 .debug_frame   0x00002ac8       0x30 Src/system_stm32f4xx.o
 .debug_frame   0x00002af8      0x1cc Src/tim.o
 .debug_frame   0x00002cc4       0x5c Src/usart.o
 .debug_frame   0x00002d20       0x2c c:/ac6/systemworkbench/plugins/fr.ac6.mcu.externaltools.arm-none.win32_1.15.0.201708311556/tools/compiler/bin/../lib/gcc/arm-none-eabi/6.3.1/../../../../arm-none-eabi/lib/thumb/v7e-m/fpv4-sp/hard\libc_nano.a(lib_a-init.o)
 .debug_frame   0x00002d4c       0xac c:/ac6/systemworkbench/plugins/fr.ac6.mcu.externaltools.arm-none.win32_1.15.0.201708311556/tools/compiler/bin/../lib/gcc/arm-none-eabi/6.3.1/thumb/v7e-m/fpv4-sp/hard\libgcc.a(_arm_addsubdf3.o)
 .debug_frame   0x00002df8       0x50 c:/ac6/systemworkbench/plugins/fr.ac6.mcu.externaltools.arm-none.win32_1.15.0.201708311556/tools/compiler/bin/../lib/gcc/arm-none-eabi/6.3.1/thumb/v7e-m/fpv4-sp/hard\libgcc.a(_arm_muldivdf3.o)
 .debug_frame   0x00002e48       0x24 c:/ac6/systemworkbench/plugins/fr.ac6.mcu.externaltools.arm-none.win32_1.15.0.201708311556/tools/compiler/bin/../lib/gcc/arm-none-eabi/6.3.1/thumb/v7e-m/fpv4-sp/hard\libgcc.a(_arm_truncdfsf2.o)
 .debug_frame   0x00002e6c       0x2c c:/ac6/systemworkbench/plugins/fr.ac6.mcu.externaltools.arm-none.win32_1.15.0.201708311556/tools/compiler/bin/../lib/gcc/arm-none-eabi/6.3.1/thumb/v7e-m/fpv4-sp/hard\libgcc.a(_aeabi_uldivmod.o)
 .debug_frame   0x00002e98       0x34 c:/ac6/systemworkbench/plugins/fr.ac6.mcu.externaltools.arm-none.win32_1.15.0.201708311556/tools/compiler/bin/../lib/gcc/arm-none-eabi/6.3.1/thumb/v7e-m/fpv4-sp/hard\libgcc.a(_udivmoddi4.o)
